// Jest Snapshot v1, https://goo.gl/fbAQLP

exports[`render Header 1`] = `
<h1
  className="f2 ma2"
>
  RoboFriends
</h1>
`;
